---
source: crates/hermes_parser/tests/parser_test.rs
expression: "format!(\"Input:\\n{input}\\n\\nOutput:\\n{output}\\n\\nComments:{comments_json}\")"
input_file: crates/hermes_parser/tests/fixtures/type-annotations.flow.js
---
Input:
/**
 * Copyright (c) Meta Platforms, Inc. and affiliates.
 *
 * This source code is licensed under the MIT license found in the
 * LICENSE file in the root directory of this source tree.
 *
 * @flow
 */

let BooleanTypeAnnotation: boolean;
let NumberTypeAnnotation: number;
let StringTypeAnnotation: string;
let MixedTypeAnnotation: mixed;
let EmptyTypeAnnotation: empty;
let VoidTypeAnnotation: void;
let NullLiteralTypeAnnotation: null;
let AnyTypeAnnotation: any;
let StringLiteralTypeAnnotation: '123';
let NumberLiteralTypeAnnotation: 123;
let SymbolTypeAnnotation: symbol;
let BigIntLiteralTypeAnnotation: 10n;
let ExistsTypeAnnotation: *;
let BooleanLiteralTypeAnnotation: true;
let GenericTypeAnnotation: T;
let FunctionTypeAnnotation: (this: User, str: string, bool?: boolean, ...nums: Array<number>) => void;
type NullableTypeAnnotation = ?string;
type QualifiedTypeIdentifier = Foo.Bar;
type TypeofTypeAnnotation = typeof Foo;
type QualifiedTypeofIdentifier = typeof Foo.Bar;
type QualifiedTypeofIdentifierNested = typeof Foo.Bar.Mark;
type KeyofTypeAnnotation = keyof T;


Output:
{
  "type": "Program",
  "body": [
    {
      "type": "VariableDeclaration",
      "kind": "let",
      "declarations": [
        {
          "type": "VariableDeclarator",
          "id": {
            "type": "Identifier",
            "name": "BooleanTypeAnnotation",
            "typeAnnotation": {
              "type": "TypeAnnotation",
              "typeAnnotation": {
                "type": "BooleanTypeAnnotation",
                "loc": null,
                "range": [
                  231,
                  238
                ]
              },
              "loc": null,
              "range": [
                229,
                238
              ]
            },
            "loc": null,
            "range": [
              208,
              238
            ]
          },
          "init": null,
          "loc": null,
          "range": [
            208,
            238
          ]
        }
      ],
      "loc": null,
      "range": [
        204,
        239
      ]
    },
    {
      "type": "VariableDeclaration",
      "kind": "let",
      "declarations": [
        {
          "type": "VariableDeclarator",
          "id": {
            "type": "Identifier",
            "name": "NumberTypeAnnotation",
            "typeAnnotation": {
              "type": "TypeAnnotation",
              "typeAnnotation": {
                "type": "NumberTypeAnnotation",
                "loc": null,
                "range": [
                  266,
                  272
                ]
              },
              "loc": null,
              "range": [
                264,
                272
              ]
            },
            "loc": null,
            "range": [
              244,
              272
            ]
          },
          "init": null,
          "loc": null,
          "range": [
            244,
            272
          ]
        }
      ],
      "loc": null,
      "range": [
        240,
        273
      ]
    },
    {
      "type": "VariableDeclaration",
      "kind": "let",
      "declarations": [
        {
          "type": "VariableDeclarator",
          "id": {
            "type": "Identifier",
            "name": "StringTypeAnnotation",
            "typeAnnotation": {
              "type": "TypeAnnotation",
              "typeAnnotation": {
                "type": "StringTypeAnnotation",
                "loc": null,
                "range": [
                  300,
                  306
                ]
              },
              "loc": null,
              "range": [
                298,
                306
              ]
            },
            "loc": null,
            "range": [
              278,
              306
            ]
          },
          "init": null,
          "loc": null,
          "range": [
            278,
            306
          ]
        }
      ],
      "loc": null,
      "range": [
        274,
        307
      ]
    },
    {
      "type": "VariableDeclaration",
      "kind": "let",
      "declarations": [
        {
          "type": "VariableDeclarator",
          "id": {
            "type": "Identifier",
            "name": "MixedTypeAnnotation",
            "typeAnnotation": {
              "type": "TypeAnnotation",
              "typeAnnotation": {
                "type": "MixedTypeAnnotation",
                "loc": null,
                "range": [
                  333,
                  338
                ]
              },
              "loc": null,
              "range": [
                331,
                338
              ]
            },
            "loc": null,
            "range": [
              312,
              338
            ]
          },
          "init": null,
          "loc": null,
          "range": [
            312,
            338
          ]
        }
      ],
      "loc": null,
      "range": [
        308,
        339
      ]
    },
    {
      "type": "VariableDeclaration",
      "kind": "let",
      "declarations": [
        {
          "type": "VariableDeclarator",
          "id": {
            "type": "Identifier",
            "name": "EmptyTypeAnnotation",
            "typeAnnotation": {
              "type": "TypeAnnotation",
              "typeAnnotation": {
                "type": "EmptyTypeAnnotation",
                "loc": null,
                "range": [
                  365,
                  370
                ]
              },
              "loc": null,
              "range": [
                363,
                370
              ]
            },
            "loc": null,
            "range": [
              344,
              370
            ]
          },
          "init": null,
          "loc": null,
          "range": [
            344,
            370
          ]
        }
      ],
      "loc": null,
      "range": [
        340,
        371
      ]
    },
    {
      "type": "VariableDeclaration",
      "kind": "let",
      "declarations": [
        {
          "type": "VariableDeclarator",
          "id": {
            "type": "Identifier",
            "name": "VoidTypeAnnotation",
            "typeAnnotation": {
              "type": "TypeAnnotation",
              "typeAnnotation": {
                "type": "VoidTypeAnnotation",
                "loc": null,
                "range": [
                  396,
                  400
                ]
              },
              "loc": null,
              "range": [
                394,
                400
              ]
            },
            "loc": null,
            "range": [
              376,
              400
            ]
          },
          "init": null,
          "loc": null,
          "range": [
            376,
            400
          ]
        }
      ],
      "loc": null,
      "range": [
        372,
        401
      ]
    },
    {
      "type": "VariableDeclaration",
      "kind": "let",
      "declarations": [
        {
          "type": "VariableDeclarator",
          "id": {
            "type": "Identifier",
            "name": "NullLiteralTypeAnnotation",
            "typeAnnotation": {
              "type": "TypeAnnotation",
              "typeAnnotation": {
                "type": "NullLiteralTypeAnnotation",
                "loc": null,
                "range": [
                  433,
                  437
                ]
              },
              "loc": null,
              "range": [
                431,
                437
              ]
            },
            "loc": null,
            "range": [
              406,
              437
            ]
          },
          "init": null,
          "loc": null,
          "range": [
            406,
            437
          ]
        }
      ],
      "loc": null,
      "range": [
        402,
        438
      ]
    },
    {
      "type": "VariableDeclaration",
      "kind": "let",
      "declarations": [
        {
          "type": "VariableDeclarator",
          "id": {
            "type": "Identifier",
            "name": "AnyTypeAnnotation",
            "typeAnnotation": {
              "type": "TypeAnnotation",
              "typeAnnotation": {
                "type": "AnyTypeAnnotation",
                "loc": null,
                "range": [
                  462,
                  465
                ]
              },
              "loc": null,
              "range": [
                460,
                465
              ]
            },
            "loc": null,
            "range": [
              443,
              465
            ]
          },
          "init": null,
          "loc": null,
          "range": [
            443,
            465
          ]
        }
      ],
      "loc": null,
      "range": [
        439,
        466
      ]
    },
    {
      "type": "VariableDeclaration",
      "kind": "let",
      "declarations": [
        {
          "type": "VariableDeclarator",
          "id": {
            "type": "Identifier",
            "name": "StringLiteralTypeAnnotation",
            "typeAnnotation": {
              "type": "TypeAnnotation",
              "typeAnnotation": {
                "type": "StringLiteralTypeAnnotation",
                "value": "123",
                "raw": "'123'",
                "loc": null,
                "range": [
                  500,
                  505
                ]
              },
              "loc": null,
              "range": [
                498,
                505
              ]
            },
            "loc": null,
            "range": [
              471,
              505
            ]
          },
          "init": null,
          "loc": null,
          "range": [
            471,
            505
          ]
        }
      ],
      "loc": null,
      "range": [
        467,
        506
      ]
    },
    {
      "type": "VariableDeclaration",
      "kind": "let",
      "declarations": [
        {
          "type": "VariableDeclarator",
          "id": {
            "type": "Identifier",
            "name": "NumberLiteralTypeAnnotation",
            "typeAnnotation": {
              "type": "TypeAnnotation",
              "typeAnnotation": {
                "type": "NumberLiteralTypeAnnotation",
                "value": 123.0,
                "raw": "123",
                "loc": null,
                "range": [
                  540,
                  543
                ]
              },
              "loc": null,
              "range": [
                538,
                543
              ]
            },
            "loc": null,
            "range": [
              511,
              543
            ]
          },
          "init": null,
          "loc": null,
          "range": [
            511,
            543
          ]
        }
      ],
      "loc": null,
      "range": [
        507,
        544
      ]
    },
    {
      "type": "VariableDeclaration",
      "kind": "let",
      "declarations": [
        {
          "type": "VariableDeclarator",
          "id": {
            "type": "Identifier",
            "name": "SymbolTypeAnnotation",
            "typeAnnotation": {
              "type": "TypeAnnotation",
              "typeAnnotation": {
                "type": "SymbolTypeAnnotation",
                "loc": null,
                "range": [
                  571,
                  577
                ]
              },
              "loc": null,
              "range": [
                569,
                577
              ]
            },
            "loc": null,
            "range": [
              549,
              577
            ]
          },
          "init": null,
          "loc": null,
          "range": [
            549,
            577
          ]
        }
      ],
      "loc": null,
      "range": [
        545,
        578
      ]
    },
    {
      "type": "VariableDeclaration",
      "kind": "let",
      "declarations": [
        {
          "type": "VariableDeclarator",
          "id": {
            "type": "Identifier",
            "name": "BigIntLiteralTypeAnnotation",
            "typeAnnotation": {
              "type": "TypeAnnotation",
              "typeAnnotation": {
                "type": "BigIntLiteralTypeAnnotation",
                "raw": "10n",
                "loc": null,
                "range": [
                  612,
                  615
                ]
              },
              "loc": null,
              "range": [
                610,
                615
              ]
            },
            "loc": null,
            "range": [
              583,
              615
            ]
          },
          "init": null,
          "loc": null,
          "range": [
            583,
            615
          ]
        }
      ],
      "loc": null,
      "range": [
        579,
        616
      ]
    },
    {
      "type": "VariableDeclaration",
      "kind": "let",
      "declarations": [
        {
          "type": "VariableDeclarator",
          "id": {
            "type": "Identifier",
            "name": "ExistsTypeAnnotation",
            "typeAnnotation": {
              "type": "TypeAnnotation",
              "typeAnnotation": {
                "type": "ExistsTypeAnnotation",
                "loc": null,
                "range": [
                  643,
                  644
                ]
              },
              "loc": null,
              "range": [
                641,
                644
              ]
            },
            "loc": null,
            "range": [
              621,
              644
            ]
          },
          "init": null,
          "loc": null,
          "range": [
            621,
            644
          ]
        }
      ],
      "loc": null,
      "range": [
        617,
        645
      ]
    },
    {
      "type": "VariableDeclaration",
      "kind": "let",
      "declarations": [
        {
          "type": "VariableDeclarator",
          "id": {
            "type": "Identifier",
            "name": "BooleanLiteralTypeAnnotation",
            "typeAnnotation": {
              "type": "TypeAnnotation",
              "typeAnnotation": {
                "type": "BooleanLiteralTypeAnnotation",
                "value": true,
                "raw": "true",
                "loc": null,
                "range": [
                  680,
                  684
                ]
              },
              "loc": null,
              "range": [
                678,
                684
              ]
            },
            "loc": null,
            "range": [
              650,
              684
            ]
          },
          "init": null,
          "loc": null,
          "range": [
            650,
            684
          ]
        }
      ],
      "loc": null,
      "range": [
        646,
        685
      ]
    },
    {
      "type": "VariableDeclaration",
      "kind": "let",
      "declarations": [
        {
          "type": "VariableDeclarator",
          "id": {
            "type": "Identifier",
            "name": "GenericTypeAnnotation",
            "typeAnnotation": {
              "type": "TypeAnnotation",
              "typeAnnotation": {
                "type": "GenericTypeAnnotation",
                "id": {
                  "type": "Identifier",
                  "name": "T",
                  "typeAnnotation": null,
                  "loc": null,
                  "range": [
                    713,
                    714
                  ]
                },
                "typeParameters": null,
                "loc": null,
                "range": [
                  713,
                  714
                ]
              },
              "loc": null,
              "range": [
                711,
                714
              ]
            },
            "loc": null,
            "range": [
              690,
              714
            ]
          },
          "init": null,
          "loc": null,
          "range": [
            690,
            714
          ]
        }
      ],
      "loc": null,
      "range": [
        686,
        715
      ]
    },
    {
      "type": "VariableDeclaration",
      "kind": "let",
      "declarations": [
        {
          "type": "VariableDeclarator",
          "id": {
            "type": "Identifier",
            "name": "FunctionTypeAnnotation",
            "typeAnnotation": {
              "type": "TypeAnnotation",
              "typeAnnotation": {
                "type": "FunctionTypeAnnotation",
                "params": [
                  {
                    "type": "FunctionTypeParam",
                    "name": {
                      "type": "Identifier",
                      "name": "str",
                      "typeAnnotation": null,
                      "loc": null,
                      "range": [
                        757,
                        760
                      ]
                    },
                    "typeAnnotation": {
                      "type": "StringTypeAnnotation",
                      "loc": null,
                      "range": [
                        762,
                        768
                      ]
                    },
                    "optional": false,
                    "loc": null,
                    "range": [
                      757,
                      768
                    ]
                  },
                  {
                    "type": "FunctionTypeParam",
                    "name": {
                      "type": "Identifier",
                      "name": "boolean",
                      "typeAnnotation": null,
                      "loc": null,
                      "range": [
                        770,
                        774
                      ]
                    },
                    "typeAnnotation": {
                      "type": "BooleanTypeAnnotation",
                      "loc": null,
                      "range": [
                        777,
                        784
                      ]
                    },
                    "optional": true,
                    "loc": null,
                    "range": [
                      770,
                      784
                    ]
                  }
                ],
                "this": {
                  "type": "FunctionTypeParam",
                  "name": null,
                  "typeAnnotation": {
                    "type": "GenericTypeAnnotation",
                    "id": {
                      "type": "Identifier",
                      "name": "User",
                      "typeAnnotation": null,
                      "loc": null,
                      "range": [
                        751,
                        755
                      ]
                    },
                    "typeParameters": null,
                    "loc": null,
                    "range": [
                      751,
                      755
                    ]
                  },
                  "optional": false,
                  "loc": null,
                  "range": [
                    745,
                    755
                  ]
                },
                "returnType": {
                  "type": "VoidTypeAnnotation",
                  "loc": null,
                  "range": [
                    813,
                    817
                  ]
                },
                "rest": {
                  "type": "FunctionTypeParam",
                  "name": {
                    "type": "Identifier",
                    "name": "nums",
                    "typeAnnotation": null,
                    "loc": null,
                    "range": [
                      789,
                      793
                    ]
                  },
                  "typeAnnotation": {
                    "type": "GenericTypeAnnotation",
                    "id": {
                      "type": "Identifier",
                      "name": "Array",
                      "typeAnnotation": null,
                      "loc": null,
                      "range": [
                        795,
                        800
                      ]
                    },
                    "typeParameters": {
                      "type": "TypeParameterInstantiation",
                      "params": [
                        {
                          "type": "NumberTypeAnnotation",
                          "loc": null,
                          "range": [
                            801,
                            807
                          ]
                        }
                      ],
                      "loc": null,
                      "range": [
                        800,
                        808
                      ]
                    },
                    "loc": null,
                    "range": [
                      795,
                      808
                    ]
                  },
                  "optional": false,
                  "loc": null,
                  "range": [
                    789,
                    808
                  ]
                },
                "typeParameters": null,
                "loc": null,
                "range": [
                  744,
                  817
                ]
              },
              "loc": null,
              "range": [
                742,
                817
              ]
            },
            "loc": null,
            "range": [
              720,
              817
            ]
          },
          "init": null,
          "loc": null,
          "range": [
            720,
            817
          ]
        }
      ],
      "loc": null,
      "range": [
        716,
        818
      ]
    },
    {
      "type": "TypeAlias",
      "id": {
        "type": "Identifier",
        "name": "NullableTypeAnnotation",
        "typeAnnotation": null,
        "loc": null,
        "range": [
          824,
          846
        ]
      },
      "typeParameters": null,
      "right": {
        "type": "NullableTypeAnnotation",
        "typeAnnotation": {
          "type": "StringTypeAnnotation",
          "loc": null,
          "range": [
            850,
            856
          ]
        },
        "loc": null,
        "range": [
          849,
          856
        ]
      },
      "loc": null,
      "range": [
        819,
        857
      ]
    },
    {
      "type": "TypeAlias",
      "id": {
        "type": "Identifier",
        "name": "QualifiedTypeIdentifier",
        "typeAnnotation": null,
        "loc": null,
        "range": [
          863,
          886
        ]
      },
      "typeParameters": null,
      "right": {
        "type": "GenericTypeAnnotation",
        "id": {
          "type": "QualifiedTypeIdentifier",
          "qualification": {
            "type": "Identifier",
            "name": "Foo",
            "typeAnnotation": null,
            "loc": null,
            "range": [
              889,
              892
            ]
          },
          "id": {
            "type": "Identifier",
            "name": "Bar",
            "typeAnnotation": null,
            "loc": null,
            "range": [
              893,
              896
            ]
          },
          "loc": null,
          "range": [
            889,
            896
          ]
        },
        "typeParameters": null,
        "loc": null,
        "range": [
          889,
          896
        ]
      },
      "loc": null,
      "range": [
        858,
        897
      ]
    },
    {
      "type": "TypeAlias",
      "id": {
        "type": "Identifier",
        "name": "TypeofTypeAnnotation",
        "typeAnnotation": null,
        "loc": null,
        "range": [
          903,
          923
        ]
      },
      "typeParameters": null,
      "right": {
        "type": "TypeofTypeAnnotation",
        "argument": {
          "type": "Identifier",
          "name": "Foo",
          "typeAnnotation": null,
          "loc": null,
          "range": [
            933,
            936
          ]
        },
        "loc": null,
        "range": [
          926,
          936
        ]
      },
      "loc": null,
      "range": [
        898,
        937
      ]
    },
    {
      "type": "TypeAlias",
      "id": {
        "type": "Identifier",
        "name": "QualifiedTypeofIdentifier",
        "typeAnnotation": null,
        "loc": null,
        "range": [
          943,
          968
        ]
      },
      "typeParameters": null,
      "right": {
        "type": "TypeofTypeAnnotation",
        "argument": {
          "type": "QualifiedTypeofIdentifier",
          "qualification": {
            "type": "Identifier",
            "name": "Foo",
            "typeAnnotation": null,
            "loc": null,
            "range": [
              978,
              981
            ]
          },
          "id": {
            "type": "Identifier",
            "name": "Bar",
            "typeAnnotation": null,
            "loc": null,
            "range": [
              982,
              985
            ]
          },
          "loc": null,
          "range": [
            978,
            985
          ]
        },
        "loc": null,
        "range": [
          971,
          985
        ]
      },
      "loc": null,
      "range": [
        938,
        986
      ]
    },
    {
      "type": "TypeAlias",
      "id": {
        "type": "Identifier",
        "name": "QualifiedTypeofIdentifierNested",
        "typeAnnotation": null,
        "loc": null,
        "range": [
          992,
          1023
        ]
      },
      "typeParameters": null,
      "right": {
        "type": "TypeofTypeAnnotation",
        "argument": {
          "type": "QualifiedTypeofIdentifier",
          "qualification": {
            "type": "QualifiedTypeofIdentifier",
            "qualification": {
              "type": "Identifier",
              "name": "Foo",
              "typeAnnotation": null,
              "loc": null,
              "range": [
                1033,
                1036
              ]
            },
            "id": {
              "type": "Identifier",
              "name": "Bar",
              "typeAnnotation": null,
              "loc": null,
              "range": [
                1037,
                1040
              ]
            },
            "loc": null,
            "range": [
              1033,
              1040
            ]
          },
          "id": {
            "type": "Identifier",
            "name": "Mark",
            "typeAnnotation": null,
            "loc": null,
            "range": [
              1041,
              1045
            ]
          },
          "loc": null,
          "range": [
            1033,
            1045
          ]
        },
        "loc": null,
        "range": [
          1026,
          1045
        ]
      },
      "loc": null,
      "range": [
        987,
        1046
      ]
    },
    {
      "type": "TypeAlias",
      "id": {
        "type": "Identifier",
        "name": "KeyofTypeAnnotation",
        "typeAnnotation": null,
        "loc": null,
        "range": [
          1052,
          1071
        ]
      },
      "typeParameters": null,
      "right": {
        "type": "KeyofTypeAnnotation",
        "argument": {
          "type": "GenericTypeAnnotation",
          "id": {
            "type": "Identifier",
            "name": "T",
            "typeAnnotation": null,
            "loc": null,
            "range": [
              1080,
              1081
            ]
          },
          "typeParameters": null,
          "loc": null,
          "range": [
            1080,
            1081
          ]
        },
        "loc": null,
        "range": [
          1074,
          1081
        ]
      },
      "loc": null,
      "range": [
        1047,
        1082
      ]
    }
  ],
  "sourceType": "script",
  "loc": null,
  "range": [
    204,
    1082
  ]
}

Comments:[
  {
    "value": "*\n * Copyright (c) Meta Platforms, Inc. and affiliates.\n *\n * This source code is licensed under the MIT license found in the\n * LICENSE file in the root directory of this source tree.\n *\n * @flow\n ",
    "range": [
      0,
      202
    ]
  }
]
