---
source: crates/hermes_parser/tests/parser_test.rs
expression: "format!(\"Input:\\n{input}\\n\\nOutput:\\n{output}\\n\\nComments:{comments_json}\")"
input_file: crates/hermes_parser/tests/fixtures/type-definitions.flow.js
---
Input:
/**
 * Copyright (c) Meta Platforms, Inc. and affiliates.
 *
 * This source code is licensed under the MIT license found in the
 * LICENSE file in the root directory of this source tree.
 */

/* TODO
// User
type User = {
    // name
    name: string,
};
*/


Output:
{
  "type": "Program",
  "body": [],
  "sourceType": "script",
  "loc": null,
  "range": [
    258,
    258
  ]
}

Comments:[
  {
    "value": "*\n * Copyright (c) Meta Platforms, Inc. and affiliates.\n *\n * This source code is licensed under the MIT license found in the\n * LICENSE file in the root directory of this source tree.\n ",
    "range": [
      0,
      190
    ]
  },
  {
    "value": " TODO\n// User\ntype User = {\n    // name\n    name: string,\n};\n",
    "range": [
      192,
      257
    ]
  }
]
