---
source: crates/hermes_parser/tests/parser_test.rs
expression: "format!(\"Input:\\n{input}\\n\\nOutput:\\n{output}\\n\\nComments:{comments_json}\")"
input_file: crates/hermes_parser/tests/fixtures/function.flow.js
---
Input:
/**
 * Copyright (c) Meta Platforms, Inc. and affiliates.
 *
 * This source code is licensed under the MIT license found in the
 * LICENSE file in the root directory of this source tree.
 */

function field(user: User): string {
    return "Hello";
}


Output:
{
  "type": "Program",
  "body": [
    {
      "type": "FunctionDeclaration",
      "id": {
        "type": "Identifier",
        "name": "field",
        "typeAnnotation": null,
        "loc": null,
        "range": [
          201,
          206
        ]
      },
      "params": [
        {
          "type": "Identifier",
          "name": "user",
          "typeAnnotation": {
            "type": "TypeAnnotation",
            "typeAnnotation": {
              "type": "GenericTypeAnnotation",
              "id": {
                "type": "Identifier",
                "name": "User",
                "typeAnnotation": null,
                "loc": null,
                "range": [
                  213,
                  217
                ]
              },
              "typeParameters": null,
              "loc": null,
              "range": [
                213,
                217
              ]
            },
            "loc": null,
            "range": [
              211,
              217
            ]
          },
          "loc": null,
          "range": [
            207,
            217
          ]
        }
      ],
      "body": {
        "type": "BlockStatement",
        "body": [
          {
            "type": "ReturnStatement",
            "argument": {
              "type": "StringLiteral",
              "value": "Hello",
              "loc": null,
              "range": [
                240,
                247
              ]
            },
            "loc": null,
            "range": [
              233,
              248
            ]
          }
        ],
        "loc": null,
        "range": [
          227,
          250
        ]
      },
      "returnType": {
        "type": "TypeAnnotation",
        "typeAnnotation": {
          "type": "StringTypeAnnotation",
          "loc": null,
          "range": [
            220,
            226
          ]
        },
        "loc": null,
        "range": [
          218,
          226
        ]
      },
      "generator": false,
      "async": false,
      "loc": null,
      "range": [
        192,
        250
      ],
      "loc": null,
      "range": [
        192,
        250
      ]
    }
  ],
  "sourceType": "script",
  "loc": null,
  "range": [
    192,
    250
  ]
}

Comments:[
  {
    "value": "*\n * Copyright (c) Meta Platforms, Inc. and affiliates.\n *\n * This source code is licensed under the MIT license found in the\n * LICENSE file in the root directory of this source tree.\n ",
    "range": [
      0,
      190
    ]
  }
]
