---
source: crates/hermes_parser/tests/parser_test.rs
expression: "format!(\"Input:\\n{input}\\n\\nOutput:\\n{output}\")"
input_file: crates/hermes_parser/tests/fixtures/function.flow.js
---
Input:
/**
 * Copyright (c) Meta Platforms, Inc. and affiliates.
 *
 * This source code is licensed under the MIT license found in the
 * LICENSE file in the root directory of this source tree.
 */

/* TODO:
function field(user: User): string {
    return "Hello";
}
*/


Output:
{
  "type": "Program",
  "body": [],
  "sourceType": "script",
  "loc": null,
  "range": [
    263,
    263
  ]
}
