---
source: crates/hermes_parser/tests/parser_test.rs
expression: "format!(\"Input:\\n{input}\\n\\nOutput:\\n{output}\")"
input_file: crates/hermes_parser/tests/fixtures/comment-block.js
---
Input:
/**
 * Copyright (c) Meta Platforms, Inc. and affiliates.
 *
 * This source code is licensed under the MIT license found in the
 * LICENSE file in the root directory of this source tree.
 */

/*
Block
*/
function fn(){}


Output:
{
  "type": "Program",
  "body": [
    {
      "type": "FunctionDeclaration",
      "id": {
        "type": "Identifier",
        "name": "fn",
        "typeAnnotation": null,
        "loc": null,
        "range": [
          213,
          215
        ]
      },
      "params": [],
      "body": {
        "type": "BlockStatement",
        "body": [],
        "loc": null,
        "range": [
          217,
          219
        ]
      },
      "generator": false,
      "async": false,
      "loc": null,
      "range": [
        204,
        219
      ],
      "loc": null,
      "range": [
        204,
        219
      ]
    }
  ],
  "sourceType": "script",
  "loc": null,
  "range": [
    204,
    219
  ]
}
